src/components/jobs/RecommendedJobs.tsx(55,20): error TS2339: Property 'budget' does not exist on type 'Job'.
src/components/jobs/RecommendedJobs.tsx(58,62): error TS2339: Property 'budget' does not exist on type 'Job'.
src/components/jobs/RecommendedJobs.tsx(70,20): error TS2339: Property 'location' does not exist on type 'Job'.
src/components/jobs/RecommendedJobs.tsx(73,24): error TS2339: Property 'location' does not exist on type 'Job'.
